../Core/Src/main.c:98:6:HAL_UARTEx_RxEventCallback	16	static
../Core/Src/main.c:147:10:CRC16_X25	24	static
../Core/Src/main.c:161:10:write	40	static
../Core/Src/main.c:181:6:clear_app_rom	40	static
../Core/Src/main.c:207:6:clear_loader_rom	32	static
../Core/Src/main.c:223:6:print_double_word	24	static
../Core/Src/main.c:235:10:clone_rom	48	static
../Core/Src/main.c:304:6:wait	16	static
../Core/Src/main.c:329:10:update_firmware	64	static
../Core/Src/main.c:535:48:BootJumpASM	0	static,ignoring_inline_asm
../Core/Src/main.c:542:7:image_start	24	static,ignoring_inline_asm
../Core/Src/main.c:593:5:main	16	static
../Core/Src/main.c:776:6:SystemClock_Config	88	static
../Core/Src/main.c:817:13:MX_TIM1_Init	40	static
../Core/Src/main.c:864:13:MX_TIM3_Init	40	static
../Core/Src/main.c:909:13:MX_TIM15_Init	40	static
../Core/Src/main.c:955:13:MX_USART2_UART_Init	8	static
../Core/Src/main.c:1003:13:MX_USART5_UART_Init	8	static
../Core/Src/main.c:1039:13:MX_GPIO_Init	56	static
../Core/Src/main.c:1076:6:HAL_TIM_PeriodElapsedCallback	16	static
../Core/Src/main.c:1104:13:MX_GPIO_Init_user	56	static
../Core/Src/main.c:1153:6:Error_Handler	8	static,ignoring_inline_asm
