../Core/Src/main.c:102:6:HAL_UARTEx_RxEventCallback	16	static
../Core/Src/main.c:151:10:CRC16_X25	24	static
../Core/Src/main.c:165:10:write	40	static
../Core/Src/main.c:185:6:clear_app_rom	40	static
../Core/Src/main.c:211:6:clear_loader_rom	32	static
../Core/Src/main.c:227:6:print_double_word	24	static
../Core/Src/main.c:239:10:clone_rom	48	static
../Core/Src/main.c:308:6:wait	16	static
../Core/Src/main.c:338:10:update_firmware	64	static
../Core/Src/main.c:544:48:BootJumpASM	0	static,ignoring_inline_asm
../Core/Src/main.c:551:7:image_start	24	static,ignoring_inline_asm
../Core/Src/main.c:602:5:main	16	static
../Core/Src/main.c:789:6:SystemClock_Config	88	static
../Core/Src/main.c:830:13:MX_TIM1_Init	40	static
../Core/Src/main.c:877:13:MX_TIM3_Init	40	static
../Core/Src/main.c:922:13:MX_TIM15_Init	40	static
../Core/Src/main.c:968:13:MX_TIM16_Init	8	static
../Core/Src/main.c:1000:13:MX_USART2_UART_Init	8	static
../Core/Src/main.c:1048:13:MX_USART3_UART_Init	8	static
../Core/Src/main.c:1096:13:MX_USART5_UART_Init	8	static
../Core/Src/main.c:1132:13:MX_GPIO_Init	56	static
../Core/Src/main.c:1179:6:HAL_TIM_PeriodElapsedCallback	16	static
../Core/Src/main.c:1212:13:MX_GPIO_Init_user	56	static
../Core/Src/main.c:1271:6:Error_Handler	8	static,ignoring_inline_asm
