../Core/Src/main.c:97:6:HAL_UARTEx_RxEventCallback	16	static
../Core/Src/main.c:146:10:CRC16_X25	24	static
../Core/Src/main.c:160:10:write	40	static
../Core/Src/main.c:180:6:clear_app_rom	40	static
../Core/Src/main.c:206:6:clear_loader_rom	32	static
../Core/Src/main.c:222:6:print_double_word	24	static
../Core/Src/main.c:231:10:clone_rom	48	static
../Core/Src/main.c:299:6:wait	16	static
../Core/Src/main.c:324:10:update_firmware	64	static
../Core/Src/main.c:528:48:BootJumpASM	0	static,ignoring_inline_asm
../Core/Src/main.c:535:7:image_start	24	static,ignoring_inline_asm
../Core/Src/main.c:586:5:main	16	static
../Core/Src/main.c:766:6:SystemClock_Config	88	static
../Core/Src/main.c:807:13:MX_TIM1_Init	40	static
../Core/Src/main.c:854:13:MX_TIM3_Init	40	static
../Core/Src/main.c:899:13:MX_TIM15_Init	40	static
../Core/Src/main.c:945:13:MX_TIM16_Init	8	static
../Core/Src/main.c:977:13:MX_USART2_UART_Init	8	static
../Core/Src/main.c:1025:13:MX_USART6_UART_Init	8	static
../Core/Src/main.c:1061:13:MX_GPIO_Init	48	static
../Core/Src/main.c:1123:6:HAL_TIM_PeriodElapsedCallback	16	static
../Core/Src/main.c:1161:6:Error_Handler	8	static,ignoring_inline_asm
