../Core/Src/main.c:96:6:HAL_UARTEx_RxEventCallback	16	static
../Core/Src/main.c:139:10:CRC16_X25	24	static
../Core/Src/main.c:153:10:write	40	static
../Core/Src/main.c:173:6:clear_app_rom	40	static
../Core/Src/main.c:199:6:clear_loader_rom	32	static
../Core/Src/main.c:215:6:print_double_word	24	static
../Core/Src/main.c:224:10:clone_rom	48	static
../Core/Src/main.c:292:6:wait	8	static
../Core/Src/main.c:307:10:update_firmware	72	static
../Core/Src/main.c:472:48:BootJumpASM	0	static,ignoring_inline_asm
../Core/Src/main.c:479:7:image_start	24	static,ignoring_inline_asm
../Core/Src/main.c:530:5:main	16	static
../Core/Src/main.c:713:6:SystemClock_Config	88	static
../Core/Src/main.c:754:13:MX_TIM1_Init	40	static
../Core/Src/main.c:801:13:MX_TIM3_Init	40	static
../Core/Src/main.c:846:13:MX_TIM15_Init	40	static
../Core/Src/main.c:892:13:MX_USART2_UART_Init	8	static
../Core/Src/main.c:940:13:MX_USART5_UART_Init	8	static
../Core/Src/main.c:976:13:MX_GPIO_Init	56	static
../Core/Src/main.c:1013:6:HAL_TIM_PeriodElapsedCallback	16	static
../Core/Src/main.c:1041:13:MX_GPIO_Init_user	56	static
../Core/Src/main.c:1090:6:Error_Handler	8	static,ignoring_inline_asm
