../Core/Src/main.c:95:6:HAL_UARTEx_RxEventCallback	16	static
../Core/Src/main.c:144:10:CRC16_X25	24	static
../Core/Src/main.c:158:10:write	40	static
../Core/Src/main.c:178:6:clear_app_rom	40	static
../Core/Src/main.c:204:6:clear_loader_rom	32	static
../Core/Src/main.c:220:6:print_double_word	24	static
../Core/Src/main.c:229:10:clone_rom	48	static
../Core/Src/main.c:297:6:wait	8	static
../Core/Src/main.c:312:10:update_firmware	64	static
../Core/Src/main.c:516:48:BootJumpASM	0	static,ignoring_inline_asm
../Core/Src/main.c:523:7:image_start	24	static,ignoring_inline_asm
../Core/Src/main.c:574:5:main	16	static
../Core/Src/main.c:753:6:SystemClock_Config	88	static
../Core/Src/main.c:794:13:MX_TIM1_Init	40	static
../Core/Src/main.c:841:13:MX_TIM3_Init	40	static
../Core/Src/main.c:886:13:MX_TIM15_Init	40	static
../Core/Src/main.c:932:13:MX_USART2_UART_Init	8	static
../Core/Src/main.c:980:13:MX_USART6_UART_Init	8	static
../Core/Src/main.c:1016:13:MX_GPIO_Init	48	static
../Core/Src/main.c:1068:6:HAL_TIM_PeriodElapsedCallback	16	static
../Core/Src/main.c:1101:6:Error_Handler	8	static,ignoring_inline_asm
