../Core/Src/main.c:93:6:HAL_UARTEx_RxEventCallback	16	static
../Core/Src/main.c:136:10:CRC16_X25	24	static
../Core/Src/main.c:150:10:write	40	static
../Core/Src/main.c:170:6:clear_app_rom	40	static
../Core/Src/main.c:196:6:clear_loader_rom	32	static
../Core/Src/main.c:212:6:print_double_word	24	static
../Core/Src/main.c:221:10:clone_rom	40	static
../Core/Src/main.c:277:6:wait	8	static
../Core/Src/main.c:286:10:update_firmware	72	static
../Core/Src/main.c:447:48:BootJumpASM	0	static,ignoring_inline_asm
../Core/Src/main.c:454:13:image_start	24	static,ignoring_inline_asm
../Core/Src/main.c:503:5:main	24	static
../Core/Src/main.c:684:6:SystemClock_Config	88	static
../Core/Src/main.c:725:13:MX_TIM1_Init	40	static
../Core/Src/main.c:772:13:MX_TIM3_Init	40	static
../Core/Src/main.c:817:13:MX_USART2_UART_Init	8	static
../Core/Src/main.c:865:13:MX_USART6_UART_Init	8	static
../Core/Src/main.c:901:13:MX_GPIO_Init	48	static
../Core/Src/main.c:953:6:HAL_TIM_PeriodElapsedCallback	16	static
../Core/Src/main.c:971:6:Error_Handler	8	static,ignoring_inline_asm
