../Core/Src/stm32g0xx_it.c:74:6:NMI_Handler	8	static
../Core/Src/stm32g0xx_it.c:89:6:HardFault_Handler	8	static
../Core/Src/stm32g0xx_it.c:105:6:SVC_Handler	8	static
../Core/Src/stm32g0xx_it.c:118:6:PendSV_Handler	8	static
../Core/Src/stm32g0xx_it.c:131:6:SysTick_Handler	8	static
../Core/Src/stm32g0xx_it.c:152:6:TIM1_BRK_UP_TRG_COM_IRQHandler	8	static
../Core/Src/stm32g0xx_it.c:166:6:TIM1_CC_IRQHandler	8	static
../Core/Src/stm32g0xx_it.c:180:6:TIM3_TIM4_IRQHandler	8	static
../Core/Src/stm32g0xx_it.c:195:6:TIM15_IRQHandler	8	static
../Core/Src/stm32g0xx_it.c:209:6:USART2_IRQHandler	8	static
../Core/Src/stm32g0xx_it.c:223:6:USART3_4_5_6_IRQHandler	8	static
